// Jest Snapshot v1, https://goo.gl/fbAQLP

exports[`index.js should contain all words 1`] = `
<div
  style={Object {}}
>
  <svg
    height={600}
    style={Object {}}
    width={700}
  >
    <g
      style={Object {}}
      transform="translate(350,300)"
    >
      <text
        style={
          Object {
            "fill": "#1f77b4",
            "fontFamily": "serif",
            "fontSize": "200px",
          }
        }
        textAnchor="middle"
        transform="translate(0,0)rotate(0)"
      >
        lol
      </text>
      <text
        style={
          Object {
            "fill": "#ff7f0e",
            "fontFamily": "serif",
            "fontSize": "10px",
          }
        }
        textAnchor="middle"
        transform="translate(-9,18)rotate(0)"
      >
        duck
      </text>
      <text
        style={
          Object {
            "fill": "#2ca02c",
            "fontFamily": "serif",
            "fontSize": "1px",
          }
        }
        textAnchor="middle"
        transform="translate(5,-16)rotate(0)"
      >
        cool
      </text>
    </g>
  </svg>
</div>
`;
